../Core/Src/main.c:110:6:HAL_ADC_ConvCpltCallback	16	static
../Core/Src/main.c:115:6:HAL_TIM_PWM_PulseFinishedCallback	16	static
../Core/Src/main.c:127:5:main	8	static
../Core/Src/main.c:183:6:SystemClock_Config	88	static
../Core/Src/main.c:237:13:MX_ADC1_Init	24	static
../Core/Src/main.c:298:13:MX_TIM1_Init	96	static
../Core/Src/main.c:373:13:MX_TIM2_Init	32	static
../Core/Src/main.c:416:13:MX_DMA_Init	16	static
../Core/Src/main.c:437:13:MX_GPIO_Init	40	static
../Core/Src/main.c:471:6:Error_Handler	4	static,ignoring_inline_asm
