../Core/Src/main.c:114:6:processADCData	56	static
../Core/Src/main.c:137:6:HAL_ADC_ConvHalfCpltCallback	16	static
../Core/Src/main.c:142:6:HAL_ADC_ConvCpltCallback	16	static
../Core/Src/main.c:154:5:main	8	static
../Core/Src/main.c:211:6:SystemClock_Config	88	static
../Core/Src/main.c:265:13:MX_ADC1_Init	24	static
../Core/Src/main.c:326:13:MX_TIM1_Init	96	static
../Core/Src/main.c:401:13:MX_TIM2_Init	32	static
../Core/Src/main.c:446:13:MX_USART2_UART_Init	8	static
../Core/Src/main.c:477:13:MX_DMA_Init	16	static
../Core/Src/main.c:502:13:MX_GPIO_Init	40	static
../Core/Src/main.c:536:6:Error_Handler	4	static,ignoring_inline_asm
